Archive member included to satisfy reference by file (symbol)

D:/ST/STM32CubeIDE_1.13.2/STM32CubeIDE/plugins/com.st.stm32cube.ide.mcu.externaltools.gnu-tools-for-stm32.12.3.rel1.win32_1.0.100.202403111256/tools/bin/../lib/gcc/arm-none-eabi/12.3.1/../../../../arm-none-eabi/lib/thumb/v7e-m+fp/hard\libc_nano.a(libc_a-exit.o)
                              D:/ST/STM32CubeIDE_1.13.2/STM32CubeIDE/plugins/com.st.stm32cube.ide.mcu.externaltools.gnu-tools-for-stm32.12.3.rel1.win32_1.0.100.202403111256/tools/bin/../lib/gcc/arm-none-eabi/12.3.1/../../../../arm-none-eabi/lib/thumb/v7e-m+fp/hard/crt0.o (exit)
D:/ST/STM32CubeIDE_1.13.2/STM32CubeIDE/plugins/com.st.stm32cube.ide.mcu.externaltools.gnu-tools-for-stm32.12.3.rel1.win32_1.0.100.202403111256/tools/bin/../lib/gcc/arm-none-eabi/12.3.1/../../../../arm-none-eabi/lib/thumb/v7e-m+fp/hard\libc_nano.a(libc_a-findfp.o)
                              D:/ST/STM32CubeIDE_1.13.2/STM32CubeIDE/plugins/com.st.stm32cube.ide.mcu.externaltools.gnu-tools-for-stm32.12.3.rel1.win32_1.0.100.202403111256/tools/bin/../lib/gcc/arm-none-eabi/12.3.1/../../../../arm-none-eabi/lib/thumb/v7e-m+fp/hard\libc_nano.a(libc_a-exit.o) (__stdio_exit_handler)
D:/ST/STM32CubeIDE_1.13.2/STM32CubeIDE/plugins/com.st.stm32cube.ide.mcu.externaltools.gnu-tools-for-stm32.12.3.rel1.win32_1.0.100.202403111256/tools/bin/../lib/gcc/arm-none-eabi/12.3.1/../../../../arm-none-eabi/lib/thumb/v7e-m+fp/hard\libc_nano.a(libc_a-fwalk.o)
                              D:/ST/STM32CubeIDE_1.13.2/STM32CubeIDE/plugins/com.st.stm32cube.ide.mcu.externaltools.gnu-tools-for-stm32.12.3.rel1.win32_1.0.100.202403111256/tools/bin/../lib/gcc/arm-none-eabi/12.3.1/../../../../arm-none-eabi/lib/thumb/v7e-m+fp/hard\libc_nano.a(libc_a-findfp.o) (_fwalk_sglue)
D:/ST/STM32CubeIDE_1.13.2/STM32CubeIDE/plugins/com.st.stm32cube.ide.mcu.externaltools.gnu-tools-for-stm32.12.3.rel1.win32_1.0.100.202403111256/tools/bin/../lib/gcc/arm-none-eabi/12.3.1/../../../../arm-none-eabi/lib/thumb/v7e-m+fp/hard\libc_nano.a(libc_a-stdio.o)
                              D:/ST/STM32CubeIDE_1.13.2/STM32CubeIDE/plugins/com.st.stm32cube.ide.mcu.externaltools.gnu-tools-for-stm32.12.3.rel1.win32_1.0.100.202403111256/tools/bin/../lib/gcc/arm-none-eabi/12.3.1/../../../../arm-none-eabi/lib/thumb/v7e-m+fp/hard\libc_nano.a(libc_a-findfp.o) (__sread)
D:/ST/STM32CubeIDE_1.13.2/STM32CubeIDE/plugins/com.st.stm32cube.ide.mcu.externaltools.gnu-tools-for-stm32.12.3.rel1.win32_1.0.100.202403111256/tools/bin/../lib/gcc/arm-none-eabi/12.3.1/../../../../arm-none-eabi/lib/thumb/v7e-m+fp/hard\libc_nano.a(libc_a-vsprintf.o)
                              ./Console/Console.o (vsprintf)
D:/ST/STM32CubeIDE_1.13.2/STM32CubeIDE/plugins/com.st.stm32cube.ide.mcu.externaltools.gnu-tools-for-stm32.12.3.rel1.win32_1.0.100.202403111256/tools/bin/../lib/gcc/arm-none-eabi/12.3.1/../../../../arm-none-eabi/lib/thumb/v7e-m+fp/hard\libc_nano.a(libc_a-vsscanf.o)
                              ./Console/Console.o (vsscanf)
D:/ST/STM32CubeIDE_1.13.2/STM32CubeIDE/plugins/com.st.stm32cube.ide.mcu.externaltools.gnu-tools-for-stm32.12.3.rel1.win32_1.0.100.202403111256/tools/bin/../lib/gcc/arm-none-eabi/12.3.1/../../../../arm-none-eabi/lib/thumb/v7e-m+fp/hard\libc_nano.a(libc_a-memset.o)
                              D:/ST/STM32CubeIDE_1.13.2/STM32CubeIDE/plugins/com.st.stm32cube.ide.mcu.externaltools.gnu-tools-for-stm32.12.3.rel1.win32_1.0.100.202403111256/tools/bin/../lib/gcc/arm-none-eabi/12.3.1/../../../../arm-none-eabi/lib/thumb/v7e-m+fp/hard/crt0.o (memset)
D:/ST/STM32CubeIDE_1.13.2/STM32CubeIDE/plugins/com.st.stm32cube.ide.mcu.externaltools.gnu-tools-for-stm32.12.3.rel1.win32_1.0.100.202403111256/tools/bin/../lib/gcc/arm-none-eabi/12.3.1/../../../../arm-none-eabi/lib/thumb/v7e-m+fp/hard\libc_nano.a(libc_a-closer.o)
                              D:/ST/STM32CubeIDE_1.13.2/STM32CubeIDE/plugins/com.st.stm32cube.ide.mcu.externaltools.gnu-tools-for-stm32.12.3.rel1.win32_1.0.100.202403111256/tools/bin/../lib/gcc/arm-none-eabi/12.3.1/../../../../arm-none-eabi/lib/thumb/v7e-m+fp/hard\libc_nano.a(libc_a-stdio.o) (_close_r)
D:/ST/STM32CubeIDE_1.13.2/STM32CubeIDE/plugins/com.st.stm32cube.ide.mcu.externaltools.gnu-tools-for-stm32.12.3.rel1.win32_1.0.100.202403111256/tools/bin/../lib/gcc/arm-none-eabi/12.3.1/../../../../arm-none-eabi/lib/thumb/v7e-m+fp/hard\libc_nano.a(libc_a-reent.o)
                              D:/ST/STM32CubeIDE_1.13.2/STM32CubeIDE/plugins/com.st.stm32cube.ide.mcu.externaltools.gnu-tools-for-stm32.12.3.rel1.win32_1.0.100.202403111256/tools/bin/../lib/gcc/arm-none-eabi/12.3.1/../../../../arm-none-eabi/lib/thumb/v7e-m+fp/hard\libc_nano.a(libc_a-closer.o) (errno)
D:/ST/STM32CubeIDE_1.13.2/STM32CubeIDE/plugins/com.st.stm32cube.ide.mcu.externaltools.gnu-tools-for-stm32.12.3.rel1.win32_1.0.100.202403111256/tools/bin/../lib/gcc/arm-none-eabi/12.3.1/../../../../arm-none-eabi/lib/thumb/v7e-m+fp/hard\libc_nano.a(libc_a-impure.o)
[...]
Memory Configuration

Name             Origin             Length             Attributes
CCMRAM           0x10000000         0x00010000         xrw
RAM              0x20000000         0x00020000         xrw
FLASH            0x08000000         0x00100000         xr
*default*        0x00000000         0xffffffff

Linker script and memory map

LOAD D:/ST/STM32CubeIDE_1.13.2/STM32CubeIDE/plugins/com.st.stm32cube.ide.mcu.externaltools.gnu-tools-for-stm32.12.3.rel1.win32_1.0.100.202403111256/tools/bin/../lib/gcc/arm-none-eabi/12.3.1/thumb/v7e-m+fp/hard/crti.o
LOAD D:/ST/STM32CubeIDE_1.13.2/STM32CubeIDE/plugins/com.st.stm32cube.ide.mcu.externaltools.gnu-tools-for-stm32.12.3.rel1.win32_1.0.100.202403111256/tools/bin/../lib/gcc/arm-none-eabi/12.3.1/thumb/v7e-m+fp/hard/crtbegin.o
LOAD D:/ST/STM32CubeIDE_1.13.2/STM32CubeIDE/plugins/com.st.stm32cube.ide.mcu.externaltools.gnu-tools-for-stm32.12.3.rel1.win32_1.0.100.202403111256/tools/bin/../lib/gcc/arm-none-eabi/12.3.1/../../../../arm-none-eabi/lib/thumb/v7e-m+fp/hard/crt0.o
LOAD ./Console/Console.o
LOAD ./DMA/DMA.o
LOAD ./GPIO/GPIO.o
LOAD ./Src/BSP.o
LOAD ./Src/main.o
LOAD ./Src/syscalls.o
LOAD ./Src/sysmem.o
LOAD ./Src/system_stm32f4xx.o
LOAD ./Startup/startup_stm32f407vgtx.o
LOAD ./USART/USART.o
START GROUP
LOAD D:/ST/STM32CubeIDE_1.13.2/STM32CubeIDE/plugins/com.st.stm32cube.ide.mcu.externaltools.gnu-tools-for-stm32.12.3.rel1.win32_1.0.100.202403111256/tools/bin/../lib/gcc/arm-none-eabi/12.3.1/../../../../arm-none-eabi/lib/thumb/v7e-m+fp/hard\libc_nano.a
LOAD D:/ST/STM32CubeIDE_1.13.2/STM32CubeIDE/plugins/com.st.stm32cube.ide.mcu.externaltools.gnu-tools-for-stm32.12.3.rel1.win32_1.0.100.202403111256/tools/bin/../lib/gcc/arm-none-eabi/12.3.1/../../../../arm-none-eabi/lib/thumb/v7e-m+fp/hard\libm.a
END GROUP
START GROUP
LOAD D:/ST/STM32CubeIDE_1.13.2/STM32CubeIDE/plugins/com.st.stm32cube.ide.mcu.externaltools.gnu-tools-for-stm32.12.3.rel1.win32_1.0.100.202403111256/tools/bin/../lib/gcc/arm-none-eabi/12.3.1/thumb/v7e-m+fp/hard\libgcc.a
LOAD D:/ST/STM32CubeIDE_1.13.2/STM32CubeIDE/plugins/com.st.stm32cube.ide.mcu.externaltools.gnu-tools-for-stm32.12.3.rel1.win32_1.0.100.202403111256/tools/bin/../lib/gcc/arm-none-eabi/12.3.1/../../../../arm-none-eabi/lib/thumb/v7e-m+fp/hard\libc_nano.a
END GROUP
START GROUP
LOAD D:/ST/STM32CubeIDE_1.13.2/STM32CubeIDE/plugins/com.st.stm32cube.ide.mcu.externaltools.gnu-tools-for-stm32.12.3.rel1.win32_1.0.100.202403111256/tools/bin/../lib/gcc/arm-none-eabi/12.3.1/thumb/v7e-m+fp/hard\libgcc.a
LOAD D:/ST/STM32CubeIDE_1.13.2/STM32CubeIDE/plugins/com.st.stm32cube.ide.mcu.externaltools.gnu-tools-for-stm32.12.3.rel1.win32_1.0.100.202403111256/tools/bin/../lib/gcc/arm-none-eabi/12.3.1/../../../../arm-none-eabi/lib/thumb/v7e-m+fp/hard\libc_nano.a
LOAD D:/ST/STM32CubeIDE_1.13.2/STM32CubeIDE/plugins/com.st.stm32cube.ide.mcu.externaltools.gnu-tools-for-stm32.12.3.rel1.win32_1.0.100.202403111256/tools/bin/../lib/gcc/arm-none-eabi/12.3.1/../../../../arm-none-eabi/lib/thumb/v7e-m+fp/hard\libnosys.a
END GROUP
START GROUP
LOAD D:/ST/STM32CubeIDE_1.13.2/STM32CubeIDE/plugins/com.st.stm32cube.ide.mcu.externaltools.gnu-tools-for-stm32.12.3.rel1.win32_1.0.100.202403111256/tools/bin/../lib/gcc/arm-none-eabi/12.3.1/thumb/v7e-m+fp/hard\libgcc.a
LOAD D:/ST/STM32CubeIDE_1.13.2/STM32CubeIDE/plugins/com.st.stm32cube.ide.mcu.externaltools.gnu-tools-for-stm32.12.3.rel1.win32_1.0.100.202403111256/tools/bin/../lib/gcc/arm-none-eabi/12.3.1/../../../../arm-none-eabi/lib/thumb/v7e-m+fp/hard\libc_nano.a
LOAD D:/ST/STM32CubeIDE_1.13.2/STM32CubeIDE/plugins/com.st.stm32cube.ide.mcu.externaltools.gnu-tools-for-stm32.12.3.rel1.win32_1.0.100.202403111256/tools/bin/../lib/gcc/arm-none-eabi/12.3.1/../../../../arm-none-eabi/lib/thumb/v7e-m+fp/hard\libnosys.a
END GROUP
LOAD D:/ST/STM32CubeIDE_1.13.2/STM32CubeIDE/plugins/com.st.stm32cube.ide.mcu.externaltools.gnu-tools-for-stm32.12.3.rel1.win32_1.0.100.202403111256/tools/bin/../lib/gcc/arm-none-eabi/12.3.1/thumb/v7e-m+fp/hard/crtend.o
LOAD D:/ST/STM32CubeIDE_1.13.2/STM32CubeIDE/plugins/com.st.stm32cube.ide.mcu.externaltools.gnu-tools-for-stm32.12.3.rel1.win32_1.0.100.202403111256/tools/bin/../lib/gcc/arm-none-eabi/12.3.1/thumb/v7e-m+fp/hard/crtn.o
                0x20020000                        _estack = (ORIGIN (RAM) + LENGTH (RAM))
                0x00000200                        _Min_Heap_Size = 0x200
                0x00000400                        _Min_Stack_Size = 0x400

.isr_vector     0x08000000      0x188
                0x08000000                        . = ALIGN (0x4)
 *(.isr_vector)
 .isr_vector    0x08000000      0x188 ./Startup/startup_stm32f407vgtx.o
                0x08000000                g_pfnVectors
                0x08000188                        . = ALIGN (0x4)

.text           0x08000188     0x20a4
                0x08000188                        . = ALIGN (0x4)
 *(.text)
 .text          0x08000188       0x40 D:/ST/STM32CubeIDE_1.13.2/STM32CubeIDE/plugins/com.st.stm32cube.ide.mcu.externaltools.gnu-tools-for-stm32.12.3.rel1.win32_1.0.100.202403111256/tools/bin/../lib/gcc/arm-none-eabi/12.3.1/thumb/v7e-m+fp/hard/crtbegin.o
 *(.text*)
 .text.__NVIC_EnableIRQ
                0x080001c8       0x3c ./DMA/DMA.o
 .text.DMA1_Stream0_IRQHandler
                0x08000204      0x178 ./DMA/DMA.o
                0x08000204                DMA1_Stream0_IRQHandler
 .text.DMA1_Stream1_IRQHandler
                0x0800037c      0x134 ./DMA/DMA.o
                0x0800037c                DMA1_Stream1_IRQHandler
 .text.DMA1_Stream2_IRQHandler
                0x080004b0       0xd0 ./DMA/DMA.o
                0x080004b0                DMA1_Stream2_IRQHandler
 .text.DMA1_Stream3_IRQHandler
                0x08000580      0x178 ./DMA/DMA.o
                0x08000580                DMA1_Stream3_IRQHandler
 .text.DMA1_Stream4_IRQHandler
                0x080006f8      0x178 ./DMA/DMA.o
                0x080006f8                DMA1_Stream4_IRQHandler
 .text.DMA1_Stream5_IRQHandler
                0x08000870      0x178 ./DMA/DMA.o
                0x08000870                DMA1_Stream5_IRQHandler
 .text.DMA1_Stream6_IRQHandler
                0x080009e8      0x140 ./DMA/DMA.o
                0x080009e8                DMA1_Stream6_IRQHandler
 .text.DMA1_Stream7_IRQHandler
                0x08000b28      0x178 ./DMA/DMA.o
                0x08000b28                DMA1_Stream7_IRQHandler
 .text.DMA2_Stream0_IRQHandler
                0x08000ca0      0x134 ./DMA/DMA.o
                0x08000ca0                DMA2_Stream0_IRQHandler
 .text.DMA2_Stream1_IRQHandler
                0x08000dd4      0x19c ./DMA/DMA.o
                0x08000dd4                DMA2_Stream1_IRQHandler
 .text.DMA2_Stream2_IRQHandler
                0x08000f70      0x114 ./DMA/DMA.o
                0x08000f70                DMA2_Stream2_IRQHandler
 .text.DMA2_Stream3_IRQHandler
                0x08001084       0xf0 ./DMA/DMA.o
                0x08001084                DMA2_Stream3_IRQHandler
 .text.DMA2_Stream4_IRQHandler
                0x08001174       0xf0 ./DMA/DMA.o
                0x08001174                DMA2_Stream4_IRQHandler
 .text.DMA2_Stream5_IRQHandler
                0x08001264       0xd0 ./DMA/DMA.o
                0x08001264                DMA2_Stream5_IRQHandler
 .text.DMA2_Stream6_IRQHandler
                0x08001334      0x134 ./DMA/DMA.o
                0x08001334                DMA2_Stream6_IRQHandler
 .text.DMA2_Stream7_IRQHandler
                0x08001468       0xf0 ./DMA/DMA.o
                0x08001468                DMA2_Stream7_IRQHandler
 .text.DMA_Clock_Enable
                0x08001558       0x4c ./DMA/DMA.o
                0x08001558                DMA_Clock_Enable
 .text.DMA_Init
                0x080015a4      0x33c ./DMA/DMA.o
                0x080015a4                DMA_Init
 .text.DMA_Set_Target
                0x080018e0       0x7a ./DMA/DMA.o
                0x080018e0                DMA_Set_Target
 *fill*         0x0800195a        0x2 
 .text.DMA_Set_Trigger
                0x0800195c      0x168 ./DMA/DMA.o
                0x0800195c                DMA_Set_Trigger
 .text.GPIO_Clock_Enable
                0x08001ac4       0xbc ./GPIO/GPIO.o
                0x08001ac4                GPIO_Clock_Enable
 .text.GPIO_Pin_Init
                0x08001b80       0xc0 ./GPIO/GPIO.o
                0x08001b80                GPIO_Pin_Init
 .text.__NVIC_SetPriority
                0x08001c40       0x54 ./Src/main.o
 .text.SysTick_Config
                0x08001c94       0x44 ./Src/main.o
 .text.MCU_Clock_Setup
                0x08001cd8      0x124 ./Src/main.o
 .text.Delay_Config
                0x08001dfc       0x30 ./Src/main.o
 .text.main     0x08001e2c      0x228 ./Src/main.o
                0x08001e2c                main
 .text.SystemInit
                0x08002054       0x24 ./Src/system_stm32f4xx.o
                0x08002054                SystemInit
 .text.SystemCoreClockUpdate
                0x08002078      0x100 ./Src/system_stm32f4xx.o
                0x08002078                SystemCoreClockUpdate
 .text.Reset_Handler
                0x08002178       0x50 ./Startup/startup_stm32f407vgtx.o
                0x08002178                Reset_Handler
 .text.Default_Handler
                0x080021c8        0x2 ./Startup/startup_stm32f407vgtx.o
                0x080021c8                RTC_Alarm_IRQHandler
                0x080021c8                HASH_RNG_IRQHandler
                0x080021c8                EXTI2_IRQHandler
                0x080021c8                TIM8_CC_IRQHandler
                0x080021c8                DebugMon_Handler
                0x080021c8                TIM1_CC_IRQHandler
                0x080021c8                HardFault_Handler
                0x080021c8                SysTick_Handler
                0x080021c8                PVD_IRQHandler
                0x080021c8                SDIO_IRQHandler
                0x080021c8                TAMP_STAMP_IRQHandler
                0x080021c8                PendSV_Handler
                0x080021c8                NMI_Handler
                0x080021c8                CAN2_RX1_IRQHandler
                0x080021c8                EXTI3_IRQHandler
                0x080021c8                TIM8_TRG_COM_TIM14_IRQHandler
                0x080021c8                TIM1_UP_TIM10_IRQHandler
                0x080021c8                TIM8_UP_TIM13_IRQHandler
                0x080021c8                I2C3_ER_IRQHandler
                0x080021c8                EXTI0_IRQHandler
                0x080021c8                I2C2_EV_IRQHandler
                0x080021c8                CAN1_RX0_IRQHandler
                0x080021c8                FPU_IRQHandler
                0x080021c8                OTG_HS_WKUP_IRQHandler
                0x080021c8                UsageFault_Handler
                0x080021c8                CAN2_SCE_IRQHandler
                0x080021c8                SPI1_IRQHandler
                0x080021c8                TIM6_DAC_IRQHandler
                0x080021c8                TIM1_BRK_TIM9_IRQHandler
                0x080021c8                DCMI_IRQHandler
                0x080021c8                CAN2_RX0_IRQHandler
                0x080021c8                USART6_IRQHandler
                0x080021c8                USART3_IRQHandler
                0x080021c8                CRYP_IRQHandler
                0x080021c8                CAN1_RX1_IRQHandler
                0x080021c8                UART5_IRQHandler
                0x080021c8                TIM4_IRQHandler
                0x080021c8                I2C1_EV_IRQHandler
                0x080021c8                UART4_IRQHandler
                0x080021c8                TIM3_IRQHandler
                0x080021c8                RCC_IRQHandler
                0x080021c8                TIM8_BRK_TIM12_IRQHandler
                0x080021c8                Default_Handler
                0x080021c8                EXTI15_10_IRQHandler
                0x080021c8                ADC_IRQHandler
                0x080021c8                TIM7_IRQHandler
                0x080021c8                CAN2_TX_IRQHandler
                0x080021c8                TIM5_IRQHandler
                0x080021c8                I2C3_EV_IRQHandler
                0x080021c8                EXTI9_5_IRQHandler
                0x080021c8                RTC_WKUP_IRQHandler
                0x080021c8                ETH_WKUP_IRQHandler
                0x080021c8                SPI2_IRQHandler
                0x080021c8                OTG_HS_EP1_IN_IRQHandler
                0x080021c8                MemManage_Handler
                0x080021c8                CAN1_TX_IRQHandler
                0x080021c8                SVC_Handler
                0x080021c8                EXTI4_IRQHandler
                0x080021c8                FSMC_IRQHandler
                0x080021c8                ETH_IRQHandler
                0x080021c8                OTG_HS_EP1_OUT_IRQHandler
                0x080021c8                WWDG_IRQHandler
                0x080021c8                TIM2_IRQHandler
                0x080021c8                OTG_FS_WKUP_IRQHandler
                0x080021c8                TIM1_TRG_COM_TIM11_IRQHandler
                0x080021c8                OTG_HS_IRQHandler
                0x080021c8                EXTI1_IRQHandler
                0x080021c8                USART2_IRQHandler
                0x080021c8                I2C2_ER_IRQHandler
                0x080021c8                CAN1_SCE_IRQHandler
                0x080021c8                BusFault_Handler
                0x080021c8                USART1_IRQHandler
                0x080021c8                OTG_FS_IRQHandler
                0x080021c8                SPI3_IRQHandler
                0x080021c8                I2C1_ER_IRQHandler
 *fill*         0x080021ca        0x2 
 .text.__libc_init_array
                0x080021cc       0x48 D:/ST/STM32CubeIDE_1.13.2/STM32CubeIDE/plugins/com.st.stm32cube.ide.mcu.externaltools.gnu-tools-for-stm32.12.3.rel1.win32_1.0.100.202403111256/tools/bin/../lib/gcc/arm-none-eabi/12.3.1/../../../../arm-none-eabi/lib/thumb/v7e-m+fp/hard\libc_nano.a(libc_a-init.o)
                0x080021cc                __libc_init_array
 *(.glue_7)
 .glue_7        0x08002214        0x0 linker stubs
 *(.glue_7t)
 .glue_7t       0x08002214        0x0 linker stubs
 *(.eh_frame)
 .eh_frame      0x08002214        0x0 D:/ST/STM32CubeIDE_1.13.2/STM32CubeIDE/plugins/com.st.stm32cube.ide.mcu.externaltools.gnu-tools-for-stm32.12.3.rel1.win32_1.0.100.202403111256/tools/bin/../lib/gcc/arm-none-eabi/12.3.1/thumb/v7e-m+fp/hard/crtbegin.o
 *(.init)
 .init          0x08002214        0x4 D:/ST/STM32CubeIDE_1.13.2/STM32CubeIDE/plugins/com.st.stm32cube.ide.mcu.externaltools.gnu-tools-for-stm32.12.3.rel1.win32_1.0.100.202403111256/tools/bin/../lib/gcc/arm-none-eabi/12.3.1/thumb/v7e-m+fp/hard/crti.o
                0x08002214                _init
 .init          0x08002218        0x8 D:/ST/STM32CubeIDE_1.13.2/STM32CubeIDE/plugins/com.st.stm32cube.ide.mcu.externaltools.gnu-tools-for-stm32.12.3.rel1.win32_1.0.100.202403111256/tools/bin/../lib/gcc/arm-none-eabi/12.3.1/thumb/v7e-m+fp/hard/crtn.o
 *(.fini)
 .fini          0x08002220        0x4 D:/ST/STM32CubeIDE_1.13.2/STM32CubeIDE/plugins/com.st.stm32cube.ide.mcu.externaltools.gnu-tools-for-stm32.12.3.rel1.win32_1.0.100.202403111256/tools/bin/../lib/gcc/arm-none-eabi/12.3.1/thumb/v7e-m+fp/hard/crti.o
                0x08002220                _fini
 .fini          0x08002224        0x8 D:/ST/STM32CubeIDE_1.13.2/STM32CubeIDE/plugins/com.st.stm32cube.ide.mcu.externaltools.gnu-tools-for-stm32.12.3.rel1.win32_1.0.100.202403111256/tools/bin/../lib/gcc/arm-none-eabi/12.3.1/thumb/v7e-m+fp/hard/crtn.o
                0x0800222c                        . = ALIGN (0x4)
                0x0800222c                        _etext = .

.vfp11_veneer   0x0800222c        0x0
 .vfp11_veneer  0x0800222c        0x0 linker stubs

.v4_bx          0x0800222c        0x0
 .v4_bx         0x0800222c        0x0 linker stubs

.iplt           0x0800222c        0x0
 .iplt          0x0800222c        0x0 D:/ST/STM32CubeIDE_1.13.2/STM32CubeIDE/plugins/com.st.stm32cube.ide.mcu.externaltools.gnu-tools-for-stm32.12.3.rel1.win32_1.0.100.202403111256/tools/bin/../lib/gcc/arm-none-eabi/12.3.1/thumb/v7e-m+fp/hard/crtbegin.o

.rodata         0x0800222c      0x414
                0x0800222c                        . = ALIGN (0x4)
 *(.rodata)
 *(.rodata*)
 .rodata.LIFCR_Shifts.1
                0x0800222c        0x4 ./DMA/DMA.o
 .rodata.HIFCR_Shifts.0
                0x08002230        0x4 ./DMA/DMA.o
 .rodata.DMA_Configuration
                0x08002234      0x3fc ./Src/main.o
 .rodata.AHBPrescTable
                0x08002630       0x10 ./Src/system_stm32f4xx.o
                0x08002630                AHBPrescTable
                0x08002640                        . = ALIGN (0x4)

.ARM.extab      0x08002640        0x0
                0x08002640                        . = ALIGN (0x4)
 *(.ARM.extab* .gnu.linkonce.armextab.*)
                0x08002640                        . = ALIGN (0x4)

.ARM            0x08002640        0x0
                0x08002640                        . = ALIGN (0x4)
                0x08002640                        __exidx_start = .
 *(.ARM.exidx*)
                0x08002640                        __exidx_end = .
                0x08002640                        . = ALIGN (0x4)

.preinit_array  0x08002640        0x0
                0x08002640                        . = ALIGN (0x4)
                0x08002640                        PROVIDE (__preinit_array_start = .)
 *(.preinit_array*)
                0x08002640                        PROVIDE (__preinit_array_end = .)
                0x08002640                        . = ALIGN (0x4)

.init_array     0x08002640        0x4
                0x08002640                        . = ALIGN (0x4)
                0x08002640                        PROVIDE (__init_array_start = .)
 *(SORT_BY_NAME(.init_array.*))
 *(.init_array*)
 .init_array    0x08002640        0x4 D:/ST/STM32CubeIDE_1.13.2/STM32CubeIDE/plugins/com.st.stm32cube.ide.mcu.externaltools.gnu-tools-for-stm32.12.3.rel1.win32_1.0.100.202403111256/tools/bin/../lib/gcc/arm-none-eabi/12.3.1/thumb/v7e-m+fp/hard/crtbegin.o
                0x08002644                        PROVIDE (__init_array_end = .)
                0x08002644                        . = ALIGN (0x4)

.fini_array     0x08002644        0x4
                0x08002644                        . = ALIGN (0x4)
                [!provide]                        PROVIDE (__fini_array_start = .)
 *(SORT_BY_NAME(.fini_array.*))
 *(.fini_array*)
 .fini_array    0x08002644        0x4 D:/ST/STM32CubeIDE_1.13.2/STM32CubeIDE/plugins/com.st.stm32cube.ide.mcu.externaltools.gnu-tools-for-stm32.12.3.rel1.win32_1.0.100.202403111256/tools/bin/../lib/gcc/arm-none-eabi/12.3.1/thumb/v7e-m+fp/hard/crtbegin.o
                [!provide]                        PROVIDE (__fini_array_end = .)
                0x08002648                        . = ALIGN (0x4)
                0x08002648                        _sidata = LOADADDR (.data)

.rel.dyn        0x08002648        0x0
 .rel.iplt      0x08002648        0x0 D:/ST/STM32CubeIDE_1.13.2/STM32CubeIDE/plugins/com.st.stm32cube.ide.mcu.externaltools.gnu-tools-for-stm32.12.3.rel1.win32_1.0.100.202403111256/tools/bin/../lib/gcc/arm-none-eabi/12.3.1/thumb/v7e-m+fp/hard/crtbegin.o

.data           0x20000000        0x4 load address 0x08002648
                0x20000000                        . = ALIGN (0x4)
                0x20000000                        _sdata = .
 *(.data)
 *(.data*)
 .data.SystemCoreClock
                0x20000000        0x4 ./Src/system_stm32f4xx.o
                0x20000000                SystemCoreClock
 *(.RamFunc)
 *(.RamFunc*)
                0x20000004                        . = ALIGN (0x4)
                0x20000004                        _edata = .
                0x0800264c                        _siccmram = LOADADDR (.ccmram)

.igot.plt       0x20000004        0x0 load address 0x0800264c
 .igot.plt      0x20000004        0x0 D:/ST/STM32CubeIDE_1.13.2/STM32CubeIDE/plugins/com.st.stm32cube.ide.mcu.externaltools.gnu-tools-for-stm32.12.3.rel1.win32_1.0.100.202403111256/tools/bin/../lib/gcc/arm-none-eabi/12.3.1/thumb/v7e-m+fp/hard/crtbegin.o

.ccmram         0x10000000        0x0 load address 0x0800264c
                0x10000000                        . = ALIGN (0x4)
                0x10000000                        _sccmram = .
 *(.ccmram)
 *(.ccmram*)
                0x10000000                        . = ALIGN (0x4)
                0x10000000                        _eccmram = .
                0x10000000                        . = ALIGN (0x4)

.bss            0x20000004      0x2ec
                0x20000004                        _sbss = .
                0x20000004                        __bss_start__ = _sbss
 *(.bss)
 .bss           0x20000004       0x1c D:/ST/STM32CubeIDE_1.13.2/STM32CubeIDE/plugins/com.st.stm32cube.ide.mcu.externaltools.gnu-tools-for-stm32.12.3.rel1.win32_1.0.100.202403111256/tools/bin/../lib/gcc/arm-none-eabi/12.3.1/thumb/v7e-m+fp/hard/crtbegin.o
 *(.bss*)
 .bss.I2S2_RX_DMA_Flag
                0x20000020        0x5 ./DMA/DMA.o
                0x20000020                I2S2_RX_DMA_Flag
 *fill*         0x20000025        0x3 
 .bss.I2S2_TX_DMA_Flag
                0x20000028        0x5 ./DMA/DMA.o
                0x20000028                I2S2_TX_DMA_Flag
 *fill*         0x2000002d        0x3 
 .bss.I2S3_TX_DMA_Flag
                0x20000030        0x5 ./DMA/DMA.o
                0x20000030                I2S3_TX_DMA_Flag
 *fill*         0x20000035        0x3 
 .bss.I2C1_RX_DMA_Flag
                0x20000038        0x5 ./DMA/DMA.o
                0x20000038                I2C1_RX_DMA_Flag
 *fill*         0x2000003d        0x3 
 .bss.I2C1_TX_DMA_Flag
                0x20000040        0x5 ./DMA/DMA.o
                0x20000040                I2C1_TX_DMA_Flag
 *fill*         0x20000045        0x3 
 .bss.I2C2_TX_DMA_Flag
                0x20000048        0x5 ./DMA/DMA.o
                0x20000048                I2C2_TX_DMA_Flag
 *fill*         0x2000004d        0x3 
 .bss.I2C3_TX_DMA_Flag
                0x20000050        0x5 ./DMA/DMA.o
                0x20000050                I2C3_TX_DMA_Flag
 *fill*         0x20000055        0x3 
 .bss.SPI1_RX_DMA_Flag
                0x20000058        0x5 ./DMA/DMA.o
                0x20000058                SPI1_RX_DMA_Flag
 *fill*         0x2000005d        0x3 
 .bss.SPI2_RX_DMA_Flag
                0x20000060        0x5 ./DMA/DMA.o
                0x20000060                SPI2_RX_DMA_Flag
 *fill*         0x20000065        0x3 
 .bss.SPI3_RX_DMA_Flag
                0x20000068        0x5 ./DMA/DMA.o
                0x20000068                SPI3_RX_DMA_Flag
 *fill*         0x2000006d        0x3 
 .bss.SPI1_TX_DMA_Flag
                0x20000070        0x5 ./DMA/DMA.o
                0x20000070                SPI1_TX_DMA_Flag
 *fill*         0x20000075        0x3 
 .bss.SPI2_TX_DMA_Flag
                0x20000078        0x5 ./DMA/DMA.o
                0x20000078                SPI2_TX_DMA_Flag
 *fill*         0x2000007d        0x3 
 .bss.SPI3_TX_DMA_Flag
                0x20000080        0x5 ./DMA/DMA.o
                0x20000080                SPI3_TX_DMA_Flag
 *fill*         0x20000085        0x3 
 .bss.USART1_RX_DMA_Flag
                0x20000088        0x5 ./DMA/DMA.o
                0x20000088                USART1_RX_DMA_Flag
 *fill*         0x2000008d        0x3 
 .bss.USART1_TX_DMA_Flag
                0x20000090        0x5 ./DMA/DMA.o
                0x20000090                USART1_TX_DMA_Flag
 *fill*         0x20000095        0x3 
 .bss.USART2_RX_DMA_Flag
                0x20000098        0x5 ./DMA/DMA.o
                0x20000098                USART2_RX_DMA_Flag
 *fill*         0x2000009d        0x3 
 .bss.USART2_TX_DMA_Flag
                0x200000a0        0x5 ./DMA/DMA.o
                0x200000a0                USART2_TX_DMA_Flag
 *fill*         0x200000a5        0x3 
 .bss.USART3_RX_DMA_Flag
                0x200000a8        0x5 ./DMA/DMA.o
                0x200000a8                USART3_RX_DMA_Flag
 *fill*         0x200000ad        0x3 
 .bss.USART3_TX_DMA_Flag
                0x200000b0        0x5 ./DMA/DMA.o
                0x200000b0                USART3_TX_DMA_Flag
 *fill*         0x200000b5        0x3 
 .bss.USART4_TX_DMA_Flag
                0x200000b8        0x5 ./DMA/DMA.o
                0x200000b8                USART4_TX_DMA_Flag
 *fill*         0x200000bd        0x3 
 .bss.USART5_RX_DMA_Flag
                0x200000c0        0x5 ./DMA/DMA.o
                0x200000c0                USART5_RX_DMA_Flag
 *fill*         0x200000c5        0x3 
 .bss.USART5_TX_DMA_Flag
                0x200000c8        0x5 ./DMA/DMA.o
                0x200000c8                USART5_TX_DMA_Flag
 *fill*         0x200000cd        0x3 
 .bss.USART6_RX_DMA_Flag
                0x200000d0        0x5 ./DMA/DMA.o
                0x200000d0                USART6_RX_DMA_Flag
 *fill*         0x200000d5        0x3 
 .bss.USART6_TX_DMA_Flag
                0x200000d8        0x5 ./DMA/DMA.o
                0x200000d8                USART6_TX_DMA_Flag
 *fill*         0x200000dd        0x3 
 .bss.USART7_RX_DMA_Flag
                0x200000e0        0x5 ./DMA/DMA.o
                0x200000e0                USART7_RX_DMA_Flag
 *fill*         0x200000e5        0x3 
 .bss.USART8_RX_DMA_Flag
                0x200000e8        0x5 ./DMA/DMA.o
                0x200000e8                USART8_RX_DMA_Flag
 *fill*         0x200000ed        0x3 
 .bss.TIM1_UP_DMA_Flag
                0x200000f0        0x5 ./DMA/DMA.o
                0x200000f0                TIM1_UP_DMA_Flag
 *fill*         0x200000f5        0x3 
 .bss.TIM1_CH1_DMA_Flag
                0x200000f8        0x5 ./DMA/DMA.o
                0x200000f8                TIM1_CH1_DMA_Flag
 *fill*         0x200000fd        0x3 
 .bss.TIM1_CH2_DMA_Flag
                0x20000100        0x5 ./DMA/DMA.o
                0x20000100                TIM1_CH2_DMA_Flag
 *fill*         0x20000105        0x3 
 .bss.TIM1_CH3_DMA_Flag
                0x20000108        0x5 ./DMA/DMA.o
                0x20000108                TIM1_CH3_DMA_Flag
 *fill*         0x2000010d        0x3 
 .bss.TIM1_CH4_DMA_Flag
                0x20000110        0x5 ./DMA/DMA.o
                0x20000110                TIM1_CH4_DMA_Flag
 *fill*         0x20000115        0x3 
 .bss.TIM1_TRIG_DMA_Flag
                0x20000118        0x5 ./DMA/DMA.o
                0x20000118                TIM1_TRIG_DMA_Flag
 *fill*         0x2000011d        0x3 
 .bss.TIM1_COM_DMA_Flag
                0x20000120        0x5 ./DMA/DMA.o
                0x20000120                TIM1_COM_DMA_Flag
 *fill*         0x20000125        0x3 
 .bss.TIM8_UP_DMA_Flag
                0x20000128        0x5 ./DMA/DMA.o
                0x20000128                TIM8_UP_DMA_Flag
 *fill*         0x2000012d        0x3 
 .bss.TIM8_CH1_DMA_Flag
                0x20000130        0x5 ./DMA/DMA.o
                0x20000130                TIM8_CH1_DMA_Flag
 *fill*         0x20000135        0x3 
 .bss.TIM8_CH2_DMA_Flag
                0x20000138        0x5 ./DMA/DMA.o
                0x20000138                TIM8_CH2_DMA_Flag
 *fill*         0x2000013d        0x3 
 .bss.TIM8_CH3_DMA_Flag
                0x20000140        0x5 ./DMA/DMA.o
                0x20000140                TIM8_CH3_DMA_Flag
 *fill*         0x20000145        0x3 
 .bss.TIM8_CH4_DMA_Flag
                0x20000148        0x5 ./DMA/DMA.o
                0x20000148                TIM8_CH4_DMA_Flag
 *fill*         0x2000014d        0x3 
 .bss.TIM8_TRIG_DMA_Flag
                0x20000150        0x5 ./DMA/DMA.o
                0x20000150                TIM8_TRIG_DMA_Flag
 *fill*         0x20000155        0x3 
 .bss.TIM8_COM_DMA_Flag
                0x20000158        0x5 ./DMA/DMA.o
                0x20000158                TIM8_COM_DMA_Flag
 *fill*         0x2000015d        0x3 
 .bss.TIM2_UP_DMA_Flag
                0x20000160        0x5 ./DMA/DMA.o
                0x20000160                TIM2_UP_DMA_Flag
 *fill*         0x20000165        0x3 
 .bss.TIM2_CH1_DMA_Flag
                0x20000168        0x5 ./DMA/DMA.o
                0x20000168                TIM2_CH1_DMA_Flag
 *fill*         0x2000016d        0x3 
 .bss.TIM2_CH2_DMA_Flag
                0x20000170        0x5 ./DMA/DMA.o
                0x20000170                TIM2_CH2_DMA_Flag
 *fill*         0x20000175        0x3 
 .bss.TIM2_CH3_DMA_Flag
                0x20000178        0x5 ./DMA/DMA.o
                0x20000178                TIM2_CH3_DMA_Flag
 *fill*         0x2000017d        0x3 
 .bss.TIM2_CH4_DMA_Flag
                0x20000180        0x5 ./DMA/DMA.o
                0x20000180                TIM2_CH4_DMA_Flag
 *fill*         0x20000185        0x3 
 .bss.TIM3_CH1_DMA_Flag
                0x20000188        0x5 ./DMA/DMA.o
                0x20000188                TIM3_CH1_DMA_Flag
 *fill*         0x2000018d        0x3 
 .bss.TIM3_CH2_DMA_Flag
                0x20000190        0x5 ./DMA/DMA.o
                0x20000190                TIM3_CH2_DMA_Flag
 *fill*         0x20000195        0x3 
 .bss.TIM3_CH3_DMA_Flag
                0x20000198        0x5 ./DMA/DMA.o
                0x20000198                TIM3_CH3_DMA_Flag
 *fill*         0x2000019d        0x3 
 .bss.TIM3_TRIG_DMA_Flag
                0x200001a0        0x5 ./DMA/DMA.o
                0x200001a0                TIM3_TRIG_DMA_Flag
 *fill*         0x200001a5        0x3 
 .bss.TIM4_CH1_DMA_Flag
                0x200001a8        0x5 ./DMA/DMA.o
                0x200001a8                TIM4_CH1_DMA_Flag
 *fill*         0x200001ad        0x3 
 .bss.TIM4_CH2_DMA_Flag
                0x200001b0        0x5 ./DMA/DMA.o
                0x200001b0                TIM4_CH2_DMA_Flag
 *fill*         0x200001b5        0x3 
 .bss.TIM4_CH3_DMA_Flag
                0x200001b8        0x5 ./DMA/DMA.o
                0x200001b8                TIM4_CH3_DMA_Flag
 *fill*         0x200001bd        0x3 
 .bss.TIM5_CH2_DMA_Flag
                0x200001c0        0x5 ./DMA/DMA.o
                0x200001c0                TIM5_CH2_DMA_Flag
 *fill*         0x200001c5        0x3 
 .bss.TIM5_CH3_DMA_Flag
                0x200001c8        0x5 ./DMA/DMA.o
                0x200001c8                TIM5_CH3_DMA_Flag
 *fill*         0x200001cd        0x3 
 .bss.TIM5_TRIG_DMA_Flag
                0x200001d0        0x5 ./DMA/DMA.o
                0x200001d0                TIM5_TRIG_DMA_Flag
 *fill*         0x200001d5        0x3 
 .bss.TIM6_UP_DMA_Flag
                0x200001d8        0x5 ./DMA/DMA.o
                0x200001d8                TIM6_UP_DMA_Flag
 *fill*         0x200001dd        0x3 
 .bss.DAC2_DMA_Flag
                0x200001e0        0x5 ./DMA/DMA.o
                0x200001e0                DAC2_DMA_Flag
 *fill*         0x200001e5        0x3 
 .bss.SDIO_RXTX_DMA_Flag
                0x200001e8        0x5 ./DMA/DMA.o
                0x200001e8                SDIO_RXTX_DMA_Flag
 *fill*         0x200001ed        0x3 
 .bss.DCMI_DMA_Flag
                0x200001f0        0x5 ./DMA/DMA.o
                0x200001f0                DCMI_DMA_Flag
 *fill*         0x200001f5        0x3 
 .bss.ADC1_DMA_Flag
                0x200001f8        0x5 ./DMA/DMA.o
                0x200001f8                ADC1_DMA_Flag
 *fill*         0x200001fd        0x3 
 .bss.ADC2_DMA_Flag
                0x20000200        0x5 ./DMA/DMA.o
                0x20000200                ADC2_DMA_Flag
 *fill*         0x20000205        0x3 
 .bss.ADC3_DMA_Flag
                0x20000208        0x5 ./DMA/DMA.o
                0x20000208                ADC3_DMA_Flag
 *fill*         0x2000020d        0x3 
 .bss.DMA1_Stream0_Flag
                0x20000210        0x5 ./DMA/DMA.o
                0x20000210                DMA1_Stream0_Flag
 *fill*         0x20000215        0x3 
 .bss.DMA1_Stream1_Flag
                0x20000218        0x5 ./DMA/DMA.o
                0x20000218                DMA1_Stream1_Flag
 *fill*         0x2000021d        0x3 
 .bss.DMA1_Stream2_Flag
                0x20000220        0x5 ./DMA/DMA.o
                0x20000220                DMA1_Stream2_Flag
 *fill*         0x20000225        0x3 
 .bss.DMA1_Stream3_Flag
                0x20000228        0x5 ./DMA/DMA.o
                0x20000228                DMA1_Stream3_Flag
 *fill*         0x2000022d        0x3 
 .bss.DMA1_Stream4_Flag
                0x20000230        0x5 ./DMA/DMA.o
                0x20000230                DMA1_Stream4_Flag
 *fill*         0x20000235        0x3 
 .bss.DMA1_Stream5_Flag
                0x20000238        0x5 ./DMA/DMA.o
                0x20000238                DMA1_Stream5_Flag
 *fill*         0x2000023d        0x3 
 .bss.DMA1_Stream6_Flag
                0x20000240        0x5 ./DMA/DMA.o
                0x20000240                DMA1_Stream6_Flag
 *fill*         0x20000245        0x3 
 .bss.DMA1_Stream7_Flag
                0x20000248        0x5 ./DMA/DMA.o
                0x20000248                DMA1_Stream7_Flag
 *fill*         0x2000024d        0x3 
 .bss.DMA2_Stream0_Flag
                0x20000250        0x5 ./DMA/DMA.o
                0x20000250                DMA2_Stream0_Flag
 *fill*         0x20000255        0x3 
 .bss.DMA2_Stream1_Flag
                0x20000258        0x5 ./DMA/DMA.o
                0x20000258                DMA2_Stream1_Flag
 *fill*         0x2000025d        0x3 
 .bss.DMA2_Stream2_Flag
                0x20000260        0x5 ./DMA/DMA.o
                0x20000260                DMA2_Stream2_Flag
 *fill*         0x20000265        0x3 
 .bss.DMA2_Stream3_Flag
                0x20000268        0x5 ./DMA/DMA.o
                0x20000268                DMA2_Stream3_Flag
 *fill*         0x2000026d        0x3 
 .bss.DMA2_Stream4_Flag
                0x20000270        0x5 ./DMA/DMA.o
                0x20000270                DMA2_Stream4_Flag
 *fill*         0x20000275        0x3 
 .bss.DMA2_Stream5_Flag
                0x20000278        0x5 ./DMA/DMA.o
                0x20000278                DMA2_Stream5_Flag
 *fill*         0x2000027d        0x3 
 .bss.DMA2_Stream6_Flag
                0x20000280        0x5 ./DMA/DMA.o
                0x20000280                DMA2_Stream6_Flag
 *fill*         0x20000285        0x3 
 .bss.DMA2_Stream7_Flag
                0x20000288        0x5 ./DMA/DMA.o
                0x20000288                DMA2_Stream7_Flag
 *fill*         0x2000028d        0x3 
 .bss.Stepper_Motor_1
                0x20000290       0x38 ./Src/main.o
                0x20000290                Stepper_Motor_1
 .bss.signal1   0x200002c8       0x28 ./Src/main.o
                0x200002c8                signal1
 *(COMMON)
                0x200002f0                        . = ALIGN (0x4)
                0x200002f0                        _ebss = .
                0x200002f0                        __bss_end__ = _ebss

._user_heap_stack
                0x200002f0      0x600
                0x200002f0                        . = ALIGN (0x8)
                [!provide]                        PROVIDE (end = .)
                0x200002f0                        PROVIDE (_end = .)
                0x200004f0                        . = (. + _Min_Heap_Size)
 *fill*         0x200002f0      0x200 
                0x200008f0                        . = (. + _Min_Stack_Size)
 *fill*         0x200004f0      0x400 
                0x200008f0                        . = ALIGN (0x8)

/DISCARD/
 libc.a(*)
 libm.a(*)
 libgcc.a(*)

.ARM.attributes
                0x00000000       0x30
 *(.ARM.attributes)
 .ARM.attributes
                0x00000000       0x22 D:/ST/STM32CubeIDE_1.13.2/STM32CubeIDE/plugins/com.st.stm32cube.ide.mcu.externaltools.gnu-tools-for-stm32.12.3.rel1.win32_1.0.100.202403111256/tools/bin/../lib/gcc/arm-none-eabi/12.3.1/thumb/v7e-m+fp/hard/crti.o
 .ARM.attributes
                0x00000022       0x34 D:/ST/STM32CubeIDE_1.13.2/STM32CubeIDE/plugins/com.st.stm32cube.ide.mcu.externaltools.gnu-tools-for-stm32.12.3.rel1.win32_1.0.100.202403111256/tools/bin/../lib/gcc/arm-none-eabi/12.3.1/thumb/v7e-m+fp/hard/crtbegin.o
 .ARM.attributes
                0x00000056       0x34 ./DMA/DMA.o
 .ARM.attributes
                0x0000008a       0x34 ./GPIO/GPIO.o
 .ARM.attributes
                0x000000be       0x34 ./Src/main.o
 .ARM.attributes
                0x000000f2       0x34 ./Src/system_stm32f4xx.o
 .ARM.attributes
                0x00000126       0x21 ./Startup/startup_stm32f407vgtx.o
 .ARM.attributes
                0x00000147       0x34 D:/ST/STM32CubeIDE_1.13.2/STM32CubeIDE/plugins/com.st.stm32cube.ide.mcu.externaltools.gnu-tools-for-stm32.12.3.rel1.win32_1.0.100.202403111256/tools/bin/../lib/gcc/arm-none-eabi/12.3.1/../../../../arm-none-eabi/lib/thumb/v7e-m+fp/hard\libc_nano.a(libc_a-init.o)
 .ARM.attributes
                0x0000017b       0x22 D:/ST/STM32CubeIDE_1.13.2/STM32CubeIDE/plugins/com.st.stm32cube.ide.mcu.externaltools.gnu-tools-for-stm32.12.3.rel1.win32_1.0.100.202403111256/tools/bin/../lib/gcc/arm-none-eabi/12.3.1/thumb/v7e-m+fp/hard/crtn.o
OUTPUT(Stepper_Motor_Driver.elf elf32-littlearm)
LOAD linker stubs
LOAD D:/ST/STM32CubeIDE_1.13.2/STM32CubeIDE/plugins/com.st.stm32cube.ide.mcu.externaltools.gnu-tools-for-stm32.12.3.rel1.win32_1.0.100.202403111256/tools/bin/../lib/gcc/arm-none-eabi/12.3.1/../../../../arm-none-eabi/lib/thumb/v7e-m+fp/hard\libc.a
LOAD D:/ST/STM32CubeIDE_1.13.2/STM32CubeIDE/plugins/com.st.stm32cube.ide.mcu.externaltools.gnu-tools-for-stm32.12.3.rel1.win32_1.0.100.202403111256/tools/bin/../lib/gcc/arm-none-eabi/12.3.1/../../../../arm-none-eabi/lib/thumb/v7e-m+fp/hard\libm.a
LOAD D:/ST/STM32CubeIDE_1.13.2/STM32CubeIDE/plugins/com.st.stm32cube.ide.mcu.externaltools.gnu-tools-for-stm32.12.3.rel1.win32_1.0.100.202403111256/tools/bin/../lib/gcc/arm-none-eabi/12.3.1/thumb/v7e-m+fp/hard\libgcc.a

.debug_info     0x00000000     0x496a
 .debug_info    0x00000000     0x1d16 ./DMA/DMA.o
 .debug_info    0x00001d16      0xe24 ./GPIO/GPIO.o
 .debug_info    0x00002b3a     0x18f5 ./Src/main.o
 .debug_info    0x0000442f      0x50b ./Src/system_stm32f4xx.o
 .debug_info    0x0000493a       0x30 ./Startup/startup_stm32f407vgtx.o

.debug_abbrev   0x00000000      0x866
 .debug_abbrev  0x00000000      0x276 ./DMA/DMA.o
 .debug_abbrev  0x00000276      0x20f ./GPIO/GPIO.o
 .debug_abbrev  0x00000485      0x2a3 ./Src/main.o
 .debug_abbrev  0x00000728      0x11a ./Src/system_stm32f4xx.o
 .debug_abbrev  0x00000842       0x24 ./Startup/startup_stm32f407vgtx.o

.debug_aranges  0x00000000      0x1b8
 .debug_aranges
                0x00000000       0xe0 ./DMA/DMA.o
 .debug_aranges
                0x000000e0       0x48 ./GPIO/GPIO.o
 .debug_aranges
                0x00000128       0x40 ./Src/main.o
 .debug_aranges
                0x00000168       0x28 ./Src/system_stm32f4xx.o
 .debug_aranges
                0x00000190       0x28 ./Startup/startup_stm32f407vgtx.o

.debug_rnglists
                0x00000000      0x14b
 .debug_rnglists
                0x00000000       0xb6 ./DMA/DMA.o
 .debug_rnglists
                0x000000b6       0x35 ./GPIO/GPIO.o
 .debug_rnglists
                0x000000eb       0x2d ./Src/main.o
 .debug_rnglists
                0x00000118       0x1a ./Src/system_stm32f4xx.o
 .debug_rnglists
                0x00000132       0x19 ./Startup/startup_stm32f407vgtx.o

.debug_macro    0x00000000      0x8e1
 .debug_macro   0x00000000      0x280 ./DMA/DMA.o
 .debug_macro   0x00000280      0x26c ./GPIO/GPIO.o
 .debug_macro   0x000004ec      0x280 ./Src/main.o
 .debug_macro   0x0000076c       0xda ./Src/system_stm32f4xx.o
 .debug_macro   0x00000846       0x2e ./Src/system_stm32f4xx.o
 .debug_macro   0x00000874       0x6d ./Src/system_stm32f4xx.o

.debug_line     0x00000000     0x2e7e
 .debug_line    0x00000000     0x15b6 ./DMA/DMA.o
 .debug_line    0x000015b6      0x91a ./GPIO/GPIO.o
 .debug_line    0x00001ed0      0x9fa ./Src/main.o
 .debug_line    0x000028ca      0x539 ./Src/system_stm32f4xx.o
 .debug_line    0x00002e03       0x7b ./Startup/startup_stm32f407vgtx.o

.debug_str      0x00000000    0x8f19c
 .debug_str     0x00000000    0x8ee48 ./DMA/DMA.o
                              0x8f176 (size before relaxing)
 .debug_str     0x0008ee48      0x143 ./GPIO/GPIO.o
                              0x8e38c (size before relaxing)
 .debug_str     0x0008ef8b      0x143 ./Src/main.o
                              0x8e9f9 (size before relaxing)
 .debug_str     0x0008f0ce       0x8f ./Src/system_stm32f4xx.o
                              0x88596 (size before relaxing)
 .debug_str     0x0008f15d       0x3f ./Startup/startup_stm32f407vgtx.o
                                 0x78 (size before relaxing)

.comment        0x00000000       0x43
 .comment       0x00000000       0x43 ./DMA/DMA.o
                                 0x44 (size before relaxing)
 .comment       0x00000043       0x44 ./GPIO/GPIO.o
 .comment       0x00000043       0x44 ./Src/main.o
 .comment       0x00000043       0x44 ./Src/system_stm32f4xx.o

.debug_frame    0x00000000      0x5b4
 .debug_frame   0x00000000      0x378 ./DMA/DMA.o
 .debug_frame   0x00000378       0xf8 ./GPIO/GPIO.o
 .debug_frame   0x00000470       0xc0 ./Src/main.o
 .debug_frame   0x00000530       0x58 ./Src/system_stm32f4xx.o
 .debug_frame   0x00000588       0x2c D:/ST/STM32CubeIDE_1.13.2/STM32CubeIDE/plugins/com.st.stm32cube.ide.mcu.externaltools.gnu-tools-for-stm32.12.3.rel1.win32_1.0.100.202403111256/tools/bin/../lib/gcc/arm-none-eabi/12.3.1/../../../../arm-none-eabi/lib/thumb/v7e-m+fp/hard\libc_nano.a(libc_a-init.o)

.debug_line_str
                0x00000000       0x5c
 .debug_line_str
                0x00000000       0x5c ./Startup/startup_stm32f407vgtx.o
