../Inc/core_cm4.h:1684:22:__NVIC_EnableIRQ	16	static,ignoring_inline_asm
../Inc/core_cm4.h:1722:22:__NVIC_DisableIRQ	16	static,ignoring_inline_asm
../Inc/core_cm4.h:1814:22:__NVIC_SetPriority	16	static
../Stepper_Motor/Stepper_Motor_HAL/Stepper_Motor_HAL.c:13:6:TIM6_DAC_IRQHandler	4	static
../Stepper_Motor/Stepper_Motor_HAL/Stepper_Motor_HAL.c:80:6:Stepper_Motor_HAL_Init	8	static
../Stepper_Motor/Stepper_Motor_HAL/Stepper_Motor_HAL.c:88:6:Stepper_Motor_HAL_Set_Speed	24	static
../Stepper_Motor/Stepper_Motor_HAL/Stepper_Motor_HAL.c:110:6:Stepper_Motor_HAL_Step	16	static
